1500.000000
1500.000000
983.393567
983.393567
0.000000
0.000000
